[[A♦], [K♦]] => [A♦] 
[[A♦], [7♦ 7♣]] => [7♦ 7♣] 
[[A♦], [5♦ 5♣]] => [5♦ 5♣] 
[[A♦], [4♦ 4♣ 2♦ 2♣]] => [4♦ 4♣ 2♦ 2♣] 
[[A♦], [5♦ 5♣ 2♦ 2♣]] => [5♦ 5♣ 2♦ 2♣] 
[[A♦], [4♦ 4♣ 3♦ 3♣]] => [4♦ 4♣ 3♦ 3♣] 
[[K♦], [A♦]] => [A♦] 
[[K♦], [7♦ 7♣]] => [7♦ 7♣] 
[[K♦], [5♦ 5♣]] => [5♦ 5♣] 
[[K♦], [4♦ 4♣ 2♦ 2♣]] => [4♦ 4♣ 2♦ 2♣] 
[[K♦], [5♦ 5♣ 2♦ 2♣]] => [5♦ 5♣ 2♦ 2♣] 
[[K♦], [4♦ 4♣ 3♦ 3♣]] => [4♦ 4♣ 3♦ 3♣] 
[[7♦ 7♣], [A♦]] => [7♦ 7♣] 
[[7♦ 7♣], [K♦]] => [7♦ 7♣] 
[[7♦ 7♣], [5♦ 5♣]] => [7♦ 7♣] 
[[7♦ 7♣], [4♦ 4♣ 2♦ 2♣]] => [4♦ 4♣ 2♦ 2♣] 
[[7♦ 7♣], [5♦ 5♣ 2♦ 2♣]] => [5♦ 5♣ 2♦ 2♣] 
[[7♦ 7♣], [4♦ 4♣ 3♦ 3♣]] => [4♦ 4♣ 3♦ 3♣] 
[[5♦ 5♣], [A♦]] => [5♦ 5♣] 
[[5♦ 5♣], [K♦]] => [5♦ 5♣] 
[[5♦ 5♣], [7♦ 7♣]] => [7♦ 7♣] 
[[5♦ 5♣], [4♦ 4♣ 2♦ 2♣]] => [4♦ 4♣ 2♦ 2♣] 
[[5♦ 5♣], [5♦ 5♣ 2♦ 2♣]] => [5♦ 5♣ 2♦ 2♣] 
[[5♦ 5♣], [4♦ 4♣ 3♦ 3♣]] => [4♦ 4♣ 3♦ 3♣] 
[[4♦ 4♣ 2♦ 2♣], [A♦]] => [4♦ 4♣ 2♦ 2♣] 
[[4♦ 4♣ 2♦ 2♣], [K♦]] => [4♦ 4♣ 2♦ 2♣] 
[[4♦ 4♣ 2♦ 2♣], [7♦ 7♣]] => [4♦ 4♣ 2♦ 2♣] 
[[4♦ 4♣ 2♦ 2♣], [5♦ 5♣]] => [4♦ 4♣ 2♦ 2♣] 
[[4♦ 4♣ 2♦ 2♣], [5♦ 5♣ 2♦ 2♣]] => [5♦ 5♣ 2♦ 2♣] 
[[4♦ 4♣ 2♦ 2♣], [4♦ 4♣ 3♦ 3♣]] => [4♦ 4♣ 3♦ 3♣] 
[[5♦ 5♣ 2♦ 2♣], [A♦]] => [5♦ 5♣ 2♦ 2♣] 
[[5♦ 5♣ 2♦ 2♣], [K♦]] => [5♦ 5♣ 2♦ 2♣] 
[[5♦ 5♣ 2♦ 2♣], [7♦ 7♣]] => [5♦ 5♣ 2♦ 2♣] 
[[5♦ 5♣ 2♦ 2♣], [5♦ 5♣]] => [5♦ 5♣ 2♦ 2♣] 
[[5♦ 5♣ 2♦ 2♣], [4♦ 4♣ 2♦ 2♣]] => [5♦ 5♣ 2♦ 2♣] 
[[5♦ 5♣ 2♦ 2♣], [4♦ 4♣ 3♦ 3♣]] => [5♦ 5♣ 2♦ 2♣] 
[[4♦ 4♣ 3♦ 3♣], [A♦]] => [4♦ 4♣ 3♦ 3♣] 
[[4♦ 4♣ 3♦ 3♣], [K♦]] => [4♦ 4♣ 3♦ 3♣] 
[[4♦ 4♣ 3♦ 3♣], [7♦ 7♣]] => [4♦ 4♣ 3♦ 3♣] 
[[4♦ 4♣ 3♦ 3♣], [5♦ 5♣]] => [4♦ 4♣ 3♦ 3♣] 
[[4♦ 4♣ 3♦ 3♣], [4♦ 4♣ 2♦ 2♣]] => [4♦ 4♣ 3♦ 3♣] 
[[4♦ 4♣ 3♦ 3♣], [5♦ 5♣ 2♦ 2♣]] => [5♦ 5♣ 2♦ 2♣] 
