card[00] = 2♣
card[01] = 2♦
card[02] = 2♥
card[03] = 2♦
card[04] = 3♣
card[05] = 3♦
card[06] = 3♥
card[07] = 3♦
card[08] = 4♣
card[09] = 4♦
card[10] = 4♥
card[11] = 4♦
card[12] = 5♣
card[13] = 5♦
card[14] = 5♥
card[15] = 5♦
card[16] = 6♣
card[17] = 6♦
card[18] = 6♥
card[19] = 6♦
card[20] = 7♣
card[21] = 7♦
card[22] = 7♥
card[23] = 7♦
card[24] = 8♣
card[25] = 8♦
card[26] = 8♥
card[27] = 8♦
card[28] = 9♣
card[29] = 9♦
card[30] = 9♥
card[31] = 9♦
card[32] = T♣
card[33] = T♦
card[34] = T♥
card[35] = T♦
card[36] = J♣
card[37] = J♦
card[38] = J♥
card[39] = J♦
card[40] = Q♣
card[41] = Q♦
card[42] = Q♥
card[43] = Q♦
card[44] = K♣
card[45] = K♦
card[46] = K♥
card[47] = K♦
card[48] = A♣
card[49] = A♦
card[50] = A♥
card[51] = A♦
